#FILE	SEQUENCE	START	END	GENE	COVERAGE	COVERAGE_MAP	GAPS	%COVERAGE	%IDENTITY	DATABASE	ACCESSION	PRODUCT
/data/Segrelab/michael/projects/staph_lugdunensis/refseq/bacteria/GCF_000025085.1/GCF_000025085.1_ASM2508v1_genomic.fna.gz	NC_013893.1	950710	951555	(Bla)BlaZ	1-846/846	===============	0/0	100.00	99.88	argannot	AB245469:2235-3080	(Bla)BlaZ
/data/Segrelab/michael/projects/staph_lugdunensis/refseq/bacteria/GCF_000025085.1/GCF_000025085.1_ASM2508v1_genomic.fna.gz	NC_013893.1	1208308	1209108	(AGly)APH-Stph	1-801/801	========/======	2/2	99.88	80.30	argannot	HE579073:1778413-1779213	(AGly)APH-Stph
/data/Segrelab/michael/projects/staph_lugdunensis/refseq/bacteria/GCF_000025085.1/GCF_000025085.1_ASM2508v1_genomic.fna.gz	NC_013893.1	1721240	1722085	(Bla)BlaZ	1-846/846	===============	0/0	100.00	99.88	argannot	AB245469:2235-3080	(Bla)BlaZ
