#FILE	SEQUENCE	START	END	GENE	COVERAGE	COVERAGE_MAP	GAPS	%COVERAGE	%IDENTITY	DATABASE	ACCESSION	PRODUCT
/data/Segrelab/michael/projects/staph_lugdunensis/refseq/bacteria/GCF_000025085.1/GCF_000025085.1_ASM2508v1_genomic.fna.gz	NC_013893.1	950710	951555	PC1_beta-lactamase_(blaZ)	1-846/846	===============	0/0	100.00	97.05	card	CP000732.1:9683-10529	The blaZ beta-lactamase is found in Bacillus subtilis and Staphylococcus aureus.
/data/Segrelab/michael/projects/staph_lugdunensis/refseq/bacteria/GCF_000025085.1/GCF_000025085.1_ASM2508v1_genomic.fna.gz	NC_013893.1	1552464	1553114	arlR	10-660/660	========/======	4/4	98.33	77.95	card	NC_009641.1:1461589-1462249	ArlR is a response regulator that binds to the norA promoter to activate expression. ArlR must first be phosphorylated by ArlS.
/data/Segrelab/michael/projects/staph_lugdunensis/refseq/bacteria/GCF_000025085.1/GCF_000025085.1_ASM2508v1_genomic.fna.gz	NC_013893.1	1721240	1722085	PC1_beta-lactamase_(blaZ)	1-846/846	===============	0/0	100.00	97.05	card	CP000732.1:9683-10529	The blaZ beta-lactamase is found in Bacillus subtilis and Staphylococcus aureus.
/data/Segrelab/michael/projects/staph_lugdunensis/refseq/bacteria/GCF_000025085.1/GCF_000025085.1_ASM2508v1_genomic.fna.gz	NC_013893.1	2215284	2216418	norA	2-1133/1164	========/======	1/3	97.25	75.42	card	AY566250:392-1556	NorA is a multidrug efflux pump in Staphylococcus aureus that confers resistance to fluoroquinolones and other structurally unrelated antibiotics like acriflavine. It shares 30% similarity with NorA and is a structural homolog of Bmr of Bacillus subtilis. It is regulated by arlRS and mgrA the latter also known as NorR.
/data/Segrelab/michael/projects/staph_lugdunensis/refseq/bacteria/GCF_000025085.1/GCF_000025085.1_ASM2508v1_genomic.fna.gz	NC_013893.1	2224114	2224555	mgrA	1-442/444	===============	0/0	99.55	79.19	card	NC_002745.2:735417-735861	MgrA also known as NorR is a regulator for norA norB and tet38. It is a positive regulator for norA expression but is a direct repressor for norB and an indirect repressor of tet38.
