#FILE	SEQUENCE	START	END	GENE	COVERAGE	COVERAGE_MAP	GAPS	%COVERAGE	%IDENTITY	DATABASE	ACCESSION	PRODUCT
/data/Segrelab/michael/projects/staph_lugdunensis/refseq/bacteria/GCF_000025085.1/GCF_000025085.1_ASM2508v1_genomic.fna.gz	NC_013893.1	950668	951555	blaZ_78	1-888/888	===============	0/0	100.00	99.55	resfinder	KU607301	blaZ_78
/data/Segrelab/michael/projects/staph_lugdunensis/refseq/bacteria/GCF_000025085.1/GCF_000025085.1_ASM2508v1_genomic.fna.gz	NC_013893.1	1721240	1722127	blaZ_78	1-888/888	===============	0/0	100.00	99.55	resfinder	KU607301	blaZ_78
