#FILE	SEQUENCE	START	END	GENE	COVERAGE	COVERAGE_MAP	GAPS	%COVERAGE	%IDENTITY	DATABASE	ACCESSION	PRODUCT
/data/Segrelab/michael/projects/staph_lugdunensis/refseq/bacteria/GCF_000185485.1/GCF_000185485.1_ASM18548v1_genomic.fna.gz	NZ_GL622358.1	1	607	tet(C)	164-770/1191	..========.....	0/0	50.97	100.00	ncbi	A7J11_01782	tetracycline efflux MFS transporter Tet(C)
